[grandetest.com/theme/html-careerup/index.html]
[grandetest.com/theme/html-careerup/css/bootstrap.min.css]
[grandetest.com/theme/html-careerup/css/style.css]
[backblue.gif]
[fade.gif]
[index.html]
[grandetest.com/theme/html-careerup/css/responsive.css]
[grandetest.com/theme/html-careerup/images/favicon.ico]
[grandetest.com/theme/html-careerup/images/header-logo2.png]
[grandetest.com/theme/html-careerup/index-2.html]
[grandetest.com/theme/html-careerup/index2.html]
[grandetest.com/theme/html-careerup/index3.html]
[grandetest.com/theme/html-careerup/index4.html]
[grandetest.com/theme/html-careerup/index5.html]
[grandetest.com/theme/html-careerup/index6.html]
[grandetest.com/theme/html-careerup/page-job-list-v1.html]
[grandetest.com/theme/html-careerup/page-job-list-v2.html]
[grandetest.com/theme/html-careerup/page-job-list-v3.html]
[grandetest.com/theme/html-careerup/page-job-list-v4.html]
[grandetest.com/theme/html-careerup/page-job-list-v5.html]
[grandetest.com/theme/html-careerup/page-job-single-v1.html]
[grandetest.com/theme/html-careerup/page-job-single-v2.html]
[grandetest.com/theme/html-careerup/page-job-single-v3.html]
[grandetest.com/theme/html-careerup/page-job-single-v4.html]
[grandetest.com/theme/html-careerup/page-job-single-v5.html]
[grandetest.com/theme/html-careerup/page-employer-list-v1.html]
[grandetest.com/theme/html-careerup/page-employer-list-v2.html]
[grandetest.com/theme/html-careerup/page-employer-list-v3.html]
[grandetest.com/theme/html-careerup/page-employer-single-v1.html]
[grandetest.com/theme/html-careerup/page-employer-single-v2.html]
[grandetest.com/theme/html-careerup/page-employer-single-v3.html]
[grandetest.com/theme/html-careerup/page-employer-dashboard.html]
[grandetest.com/theme/html-careerup/page-employer-profile.html]
[grandetest.com/theme/html-careerup/page-employer-post-job.html]
[grandetest.com/theme/html-careerup/page-employer-manage-job.html]
[grandetest.com/theme/html-careerup/page-employer-resume.html]
[grandetest.com/theme/html-careerup/page-employer-packages.html]
[grandetest.com/theme/html-careerup/page-employer-transactions.html]
[grandetest.com/theme/html-careerup/page-employer-change-password.html]
[grandetest.com/theme/html-careerup/page-candidates-list-v1.html]
[grandetest.com/theme/html-careerup/page-candidates-list-v2.html]
[grandetest.com/theme/html-careerup/page-candidates-list-v3.html]
[grandetest.com/theme/html-careerup/page-candidates-single-v1.html]
[grandetest.com/theme/html-careerup/page-candidates-single-v2.html]
[grandetest.com/theme/html-careerup/page-candidates-single-v3.html]
[grandetest.com/theme/html-careerup/page-candidates-dashboard.html]
[grandetest.com/theme/html-careerup/page-candidates-profile.html]
[grandetest.com/theme/html-careerup/page-candidates-my-resume.html]
[grandetest.com/theme/html-careerup/page-candidates-applied-jobs.html]
[grandetest.com/theme/html-careerup/page-candidates-cv-manager.html]
[grandetest.com/theme/html-careerup/page-candidates-favourite-jobs.html]
[grandetest.com/theme/html-careerup/page-candidates-message.html]
[grandetest.com/theme/html-careerup/page-candidates-review.html]
[grandetest.com/theme/html-careerup/page-candidates-job-alert.html]
[grandetest.com/theme/html-careerup/page-candidates-change-password.html]
[grandetest.com/theme/html-careerup/page-about.html]
[grandetest.com/theme/html-careerup/page-blog-v1.html]
[grandetest.com/theme/html-careerup/page-blog-grid.html]
[grandetest.com/theme/html-careerup/page-blog-list.html]
[grandetest.com/theme/html-careerup/page-blog-single.html]
[grandetest.com/theme/html-careerup/page-contact.html]
[grandetest.com/theme/html-careerup/page-error.html]
[grandetest.com/theme/html-careerup/page-faq.html]
[grandetest.com/theme/html-careerup/page-how-it-works.html]
[grandetest.com/theme/html-careerup/page-invoice.html]
[grandetest.com/theme/html-careerup/page-log-reg.html]
[grandetest.com/theme/html-careerup/page-pricing.html]
[grandetest.com/theme/html-careerup/page-terms-and-policies.html]
[grandetest.com/theme/html-careerup/page-ui-element.html]
[grandetest.com/theme/html-careerup/images/header-logo.png]
[grandetest.com/theme/html-careerup/images/home/home2_bg.png]
[grandetest.com/theme/html-careerup/images/partners/1.jpg]
[grandetest.com/theme/html-careerup/images/partners/2.jpg]
[grandetest.com/theme/html-careerup/images/partners/3.jpg]
[grandetest.com/theme/html-careerup/images/partners/4.jpg]
[grandetest.com/theme/html-careerup/images/service/9.jpg]
[grandetest.com/theme/html-careerup/images/service/10.jpg]
[grandetest.com/theme/html-careerup/images/service/11.jpg]
[grandetest.com/theme/html-careerup/images/service/12.jpg]
[grandetest.com/theme/html-careerup/images/service/13.jpg]
[grandetest.com/theme/html-careerup/images/service/14.jpg]
[grandetest.com/theme/html-careerup/images/team/1.jpg]
[grandetest.com/theme/html-careerup/images/resource/turkey.png]
[grandetest.com/theme/html-careerup/images/team/2.jpg]
[grandetest.com/theme/html-careerup/images/resource/usa.png]
[grandetest.com/theme/html-careerup/images/team/3.jpg]
[grandetest.com/theme/html-careerup/images/resource/brazil.png]
[grandetest.com/theme/html-careerup/images/team/4.jpg]
[grandetest.com/theme/html-careerup/images/team/5.jpg]
[grandetest.com/theme/html-careerup/images/team/6.jpg]
[grandetest.com/theme/html-careerup/images/team/7.jpg]
[grandetest.com/theme/html-careerup/images/team/8.jpg]
[grandetest.com/theme/html-careerup/images/team/9.jpg]
[grandetest.com/theme/html-careerup/js/jquery-3.3.1.js]
[grandetest.com/theme/html-careerup/js/jquery-migrate-3.0.0.min.js]
[grandetest.com/theme/html-careerup/js/popper.min.js]
[grandetest.com/theme/html-careerup/js/bootstrap.min.js]
[grandetest.com/theme/html-careerup/js/jquery.mmenu.all.js]
[grandetest.com/theme/html-careerup/js/ace-responsive-menu.js]
[grandetest.com/theme/html-careerup/js/bootstrap-select.min.js]
[grandetest.com/theme/html-careerup/js/snackbar.min.js]
[grandetest.com/theme/html-careerup/js/simplebar.js]
[grandetest.com/theme/html-careerup/js/parallax-new.js]
[grandetest.com/theme/html-careerup/js/parallax.js]
[grandetest.com/theme/html-careerup/js/scrollto.js]
[grandetest.com/theme/html-careerup/js/jquery-scrolltofixed-min.js]
[grandetest.com/theme/html-careerup/js/jquery.counterup.js]
[grandetest.com/theme/html-careerup/js/wow.min.js]
[grandetest.com/theme/html-careerup/js/progressbar.js]
[grandetest.com/theme/html-careerup/js/slider.js]
[grandetest.com/theme/html-careerup/js/timepicker.js]
[grandetest.com/theme/html-careerup/index.html]
[grandetest.com/theme/html-careerup/css/bootstrap.min.css]
[grandetest.com/theme/html-careerup/js/script.js]
[grandetest.com/theme/html-careerup/css/jquery-ui.min.css]
[grandetest.com/theme/html-careerup/css/font-awesome.min.css]
[grandetest.com/theme/html-careerup/css/font-awesome-animation.min.css]
[grandetest.com/theme/html-careerup/css/menu.css]
[grandetest.com/theme/html-careerup/css/ace-responsive-menu.css]
[grandetest.com/theme/html-careerup/css/bootstrap-select.min.css]
[grandetest.com/theme/html-careerup/css/simplebar.min.css]
[grandetest.com/theme/html-careerup/css/progressbar.css]
[grandetest.com/theme/html-careerup/css/flaticon.css]
[grandetest.com/theme/html-careerup/css/animate.css]
[grandetest.com/theme/html-careerup/css/slider.css]
[grandetest.com/theme/html-careerup/css/fancyBox.css]
[grandetest.com/theme/html-careerup/css/owl.css]
[grandetest.com/theme/html-careerup/css/map-css/maps.css]
[grandetest.com/theme/html-careerup/css/map-css/searcher.css]
[grandetest.com/theme/html-careerup/css/map-css/info-box.css]
[grandetest.com/theme/html-careerup/css/timecounter.css]
[grandetest.com/theme/html-careerup/images/home/home3_bg.png]
[grandetest.com/theme/html-careerup/images/home/home6_bg.png]
[grandetest.com/theme/html-careerup/images/background/2.jpg]
[grandetest.com/theme/html-careerup/images/about/5.png]
[grandetest.com/theme/html-careerup/images/background/banner1.jpg]
[grandetest.com/theme/html-careerup/images/about/6.png]
[grandetest.com/theme/html-careerup/images/background/1.jpg]
[grandetest.com/theme/html-careerup/images/background/3.jpg]
[grandetest.com/theme/html-careerup/images/background/4.jpg]
[grandetest.com/theme/html-careerup/images/background/5.jpg]
[grandetest.com/theme/html-careerup/images/background/6.jpg]
[grandetest.com/theme/html-careerup/images/background/split-one.jpg]
[grandetest.com/theme/html-careerup/images/home/h1.jpg]
[grandetest.com/theme/html-careerup/images/home/h2.jpg]
[grandetest.com/theme/html-careerup/images/home/h3.jpg]
[grandetest.com/theme/html-careerup/images/home/h4.jpg]
[grandetest.com/theme/html-careerup/images/home/h5.jpg]
[grandetest.com/theme/html-careerup/images/pattern/1.png]
[grandetest.com/theme/html-careerup/images/pattern/2.png]
[grandetest.com/theme/html-careerup/images/pattern/3.png]
[grandetest.com/theme/html-careerup/images/pattern/4.png]
[grandetest.com/theme/html-careerup/images/pattern/5.png]
[grandetest.com/theme/html-careerup/images/pattern/6.png]
[grandetest.com/theme/html-careerup/css/style.css]
[grandetest.com/theme/html-careerup/css/responsive.css]
[grandetest.com/theme/html-careerup/index-2.html]
[grandetest.com/theme/html-careerup/index2.html]
[grandetest.com/theme/html-careerup/images/preloader.gif]
[grandetest.com/theme/html-careerup/images/header-logo3.png]
[grandetest.com/theme/html-careerup/images/partners/13.jpg]
[grandetest.com/theme/html-careerup/images/partners/5.jpg]
[grandetest.com/theme/html-careerup/images/partners/6.jpg]
[grandetest.com/theme/html-careerup/images/partners/7.jpg]
[grandetest.com/theme/html-careerup/images/partners/8.jpg]
[grandetest.com/theme/html-careerup/images/testimonial/1.jpg]
[grandetest.com/theme/html-careerup/images/testimonial/2.jpg]
[grandetest.com/theme/html-careerup/images/testimonial/3.jpg]
[grandetest.com/theme/html-careerup/images/testimonial/4.jpg]
[grandetest.com/theme/html-careerup/images/blog/h31.jpg]
[grandetest.com/theme/html-careerup/images/blog/h32.jpg]
[grandetest.com/theme/html-careerup/index3.html]
[grandetest.com/theme/html-careerup/images/blog/h33.jpg]
[grandetest.com/theme/html-careerup/a]
[grandetest.com/theme/html-careerup/images/service/1.jpg]
[grandetest.com/theme/html-careerup/images/service/2.jpg]
[grandetest.com/theme/html-careerup/images/service/3.jpg]
[grandetest.com/theme/html-careerup/images/service/4.jpg]
[grandetest.com/theme/html-careerup/images/service/5.jpg]
[grandetest.com/theme/html-careerup/images/service/6.jpg]
[grandetest.com/theme/html-careerup/images/service/7.jpg]
[grandetest.com/theme/html-careerup/images/service/8.jpg]
[grandetest.com/theme/html-careerup/images/partners/l1.jpg]
[grandetest.com/theme/html-careerup/images/partners/l2.jpg]
[grandetest.com/theme/html-careerup/images/partners/l3.jpg]
[grandetest.com/theme/html-careerup/images/partners/l4.jpg]
[grandetest.com/theme/html-careerup/images/partners/l5.jpg]
[grandetest.com/theme/html-careerup/images/partners/l6.jpg]
[grandetest.com/theme/html-careerup/images/blog/h41.jpg]
[grandetest.com/theme/html-careerup/images/blog/h42.jpg]
[grandetest.com/theme/html-careerup/images/blog/h43.jpg]
[grandetest.com/theme/html-careerup/images/partners/9.jpg]
[grandetest.com/theme/html-careerup/index4.html]
[grandetest.com/theme/html-careerup/images/header-logo4.png]
[grandetest.com/theme/html-careerup/_images/home/1.jpg_]
[grandetest.com/theme/html-careerup/images/home/2.jpg]
[grandetest.com/theme/html-careerup/images/home/3.jpg]
[grandetest.com/theme/html-careerup/images/blog/h51.jpg]
[grandetest.com/theme/html-careerup/images/blog/h52.jpg]
[grandetest.com/theme/html-careerup/images/blog/h53.jpg]
[grandetest.com/theme/html-careerup/index5.html]
[grandetest.com/theme/html-careerup/images/footer-logo.png]
[grandetest.com/theme/html-careerup/images/header-logo5.png]
[grandetest.com/theme/html-careerup/index6.html]
[grandetest.com/theme/html-careerup/images/resource/phone_home6.png]
[grandetest.com/theme/html-careerup/images/partners/10.jpg]
[grandetest.com/theme/html-careerup/images/partners/11.jpg]
[grandetest.com/theme/html-careerup/images/partners/12.jpg]
[grandetest.com/theme/html-careerup/page-job-list-v1.html]
[grandetest.com/theme/html-careerup/js/tagsinput.js]
[grandetest.com/theme/html-careerup/page-job-list-v2.html]
[grandetest.com/theme/html-careerup/page-job-list-v3.html]
[grandetest.com/theme/html-careerup/images/resource/cl1.png]
[grandetest.com/theme/html-careerup/js/google-maps/infobox.js]
[grandetest.com/theme/html-careerup/js/google-maps/home-maps.js]
[grandetest.com/theme/html-careerup/js/google-maps/markerclusterer.js]
[grandetest.com/theme/html-careerup/page-job-list-v4.html]
[grandetest.com/theme/html-careerup/page-job-list-v5.html]
[grandetest.com/theme/html-careerup/js/google-maps/custom.js]
[grandetest.com/theme/html-careerup/images/partners/cl1.jpg]
[grandetest.com/theme/html-careerup/page-job-single-v1.html]
[grandetest.com/theme/html-careerup/js/googlemaps1.js]
[grandetest.com/theme/html-careerup/images/partners/cs1.jpg]
[grandetest.com/theme/html-careerup/page-job-single-v2.html]
[grandetest.com/theme/html-careerup/page-job-single-v3.html]
[grandetest.com/theme/html-careerup/page-job-single-v4.html]
[grandetest.com/theme/html-careerup/page-job-single-v5.html]
[grandetest.com/theme/html-careerup/images/about/c1.jpg]
[grandetest.com/theme/html-careerup/images/partners/e1.jpg]
[grandetest.com/theme/html-careerup/images/partners/e2.jpg]
[grandetest.com/theme/html-careerup/images/partners/e3.jpg]
[grandetest.com/theme/html-careerup/images/partners/e4.jpg]
[grandetest.com/theme/html-careerup/page-employer-list-v1.html]
[grandetest.com/theme/html-careerup/images/partners/e5.jpg]
[grandetest.com/theme/html-careerup/images/partners/e6.jpg]
[grandetest.com/theme/html-careerup/page-employer-list-v2.html]
[grandetest.com/theme/html-careerup/page-employer-list-v3.html]
[grandetest.com/theme/html-careerup/page-employer-single-v1.html]
[grandetest.com/theme/html-careerup/page-employer-single-v2.html]
[grandetest.com/theme/html-careerup/js/isotop.js]
[grandetest.com/theme/html-careerup/page-employer-single-v3.html]
[grandetest.com/theme/html-careerup/images/about/es1.jpg]
[grandetest.com/theme/html-careerup/images/team/e1.png]
[grandetest.com/theme/html-careerup/images/team/c4.jpg]
[grandetest.com/theme/html-careerup/images/team/c2.jpg]
[grandetest.com/theme/html-careerup/js/chart.min.js]
[grandetest.com/theme/html-careerup/page-employer-dashboard.html]
[grandetest.com/theme/html-careerup/page-employer-profile.html]
[grandetest.com/theme/html-careerup/page-employer-post-job.html]
[grandetest.com/theme/html-careerup/page-employer-manage-job.html]
[grandetest.com/theme/html-careerup/js/chart.custome.js]
[grandetest.com/theme/html-careerup/images/team/c3.jpg]
[grandetest.com/theme/html-careerup/images/team/c5.jpg]
[grandetest.com/theme/html-careerup/page-employer-resume.html]
[grandetest.com/theme/html-careerup/page-employer-packages.html]
[grandetest.com/theme/html-careerup/page-employer-transactions.html]
[grandetest.com/theme/html-careerup/page-employer-change-password.html]
[grandetest.com/theme/html-careerup/page-candidates-list-v1.html]
[grandetest.com/theme/html-careerup/page-candidates-list-v2.html]
[grandetest.com/theme/html-careerup/page-candidates-list-v3.html]
[grandetest.com/theme/html-careerup/images/team/c1.jpg]
[grandetest.com/theme/html-careerup/images/team/cs2.jpg]
[grandetest.com/theme/html-careerup/images/gallery/1.jpg]
[grandetest.com/theme/html-careerup/images/gallery/2.jpg]
[grandetest.com/theme/html-careerup/images/gallery/3.jpg]
[grandetest.com/theme/html-careerup/page-candidates-single-v1.html]
[grandetest.com/theme/html-careerup/page-candidates-single-v2.html]
[grandetest.com/theme/html-careerup/js/fancybox.js]
[grandetest.com/theme/html-careerup/page-candidates-single-v3.html]
[grandetest.com/theme/html-careerup/page-candidates-dashboard.html]
[grandetest.com/theme/html-careerup/page-candidates-profile.html]
[grandetest.com/theme/html-careerup/page-candidates-my-resume.html]
[grandetest.com/theme/html-careerup/page-candidates-applied-jobs.html]
[grandetest.com/theme/html-careerup/page-candidates-cv-manager.html]
[grandetest.com/theme/html-careerup/page-candidates-favourite-jobs.html]
[grandetest.com/theme/html-careerup/images/team/cs1.jpg]
[grandetest.com/theme/html-careerup/images/team/s1.jpg]
[grandetest.com/theme/html-careerup/images/team/s2.jpg]
[grandetest.com/theme/html-careerup/images/team/s3.jpg]
[grandetest.com/theme/html-careerup/images/team/s4.jpg]
[grandetest.com/theme/html-careerup/images/team/s5.jpg]
[grandetest.com/theme/html-careerup/images/team/s6.jpg]
[grandetest.com/theme/html-careerup/images/team/s7.jpg]
[grandetest.com/theme/html-careerup/images/team/s8.jpg]
[grandetest.com/theme/html-careerup/page-candidates-message.html]
[grandetest.com/theme/html-careerup/page-candidates-review.html]
[grandetest.com/theme/html-careerup/page-candidates-job-alert.html]
[grandetest.com/theme/html-careerup/page-candidates-change-password.html]
[grandetest.com/theme/html-careerup/images/about/1.png]
[grandetest.com/theme/html-careerup/images/testimonial/5.jpg]
[grandetest.com/theme/html-careerup/images/team/10.jpg]
[grandetest.com/theme/html-careerup/images/team/11.jpg]
[grandetest.com/theme/html-careerup/images/team/12.jpg]
[grandetest.com/theme/html-careerup/page-about.html]
[grandetest.com/theme/html-careerup/images/team/13.jpg]
[grandetest.com/theme/html-careerup/images/blog/12.jpg]
[grandetest.com/theme/html-careerup/images/blog/13.jpg]
[grandetest.com/theme/html-careerup/images/blog/14.jpg]
[grandetest.com/theme/html-careerup/images/blog/15.jpg]
[grandetest.com/theme/html-careerup/images/blog/s1.jpg]
[grandetest.com/theme/html-careerup/images/blog/s2.jpg]
[grandetest.com/theme/html-careerup/page-blog-v1.html]
[grandetest.com/theme/html-careerup/images/blog/s3.jpg]
[grandetest.com/theme/html-careerup/images/blog/1.jpg]
[grandetest.com/theme/html-careerup/images/blog/2.jpg]
[grandetest.com/theme/html-careerup/images/blog/4.jpg]
[grandetest.com/theme/html-careerup/images/blog/5.jpg]
[grandetest.com/theme/html-careerup/page-blog-grid.html]
[grandetest.com/theme/html-careerup/images/blog/6.jpg]
[grandetest.com/theme/html-careerup/images/blog/7.jpg]
[grandetest.com/theme/html-careerup/images/blog/8.jpg]
[grandetest.com/theme/html-careerup/images/blog/9.jpg]
[grandetest.com/theme/html-careerup/images/blog/10.jpg]
[grandetest.com/theme/html-careerup/page-blog-list.html]
[grandetest.com/theme/html-careerup/page-blog-single.html]
[grandetest.com/theme/html-careerup/images/blog/11.jpg]
[grandetest.com/theme/html-careerup/page-contact.html]
[grandetest.com/theme/html-careerup/js/googlemaps2.js]
[grandetest.com/theme/html-careerup/page-error.html]
[grandetest.com/theme/html-careerup/page-faq.html]
[grandetest.com/theme/html-careerup/images/resource/404.png]
[grandetest.com/theme/html-careerup/images/about/2.png]
[grandetest.com/theme/html-careerup/images/about/3.png]
[grandetest.com/theme/html-careerup/page-how-it-works.html]
[grandetest.com/theme/html-careerup/page-invoice.html]
[grandetest.com/theme/html-careerup/page-log-reg.html]
[grandetest.com/theme/html-careerup/page-pricing.html]
[grandetest.com/theme/html-careerup/page-terms-and-policies.html]
[grandetest.com/theme/html-careerup/page-ui-element.html]
[grandetest.com/theme/html-careerup/css/jquery-ui.min.css]
[grandetest.com/theme/html-careerup/images/about/4.png]
[grandetest.com/theme/html-careerup/fonts/fontawesome-webfont3e6e.eot]
[grandetest.com/theme/html-careerup/fonts/fontawesome-webfontd41d.eot]
[grandetest.com/theme/html-careerup/fonts/fontawesome-webfont3e6e.woff2]
[grandetest.com/theme/html-careerup/fonts/fontawesome-webfont3e6e.woff]
[grandetest.com/theme/html-careerup/fonts/fontawesome-webfont3e6e.ttf]
[grandetest.com/theme/html-careerup/css/font-awesome.min.css]
[grandetest.com/theme/html-careerup/css/font-awesome-animation.min.css]
[grandetest.com/theme/html-careerup/css/menu.css]
[grandetest.com/theme/html-careerup/css/ace-responsive-menu.css]
[grandetest.com/theme/html-careerup/css/bootstrap-select.min.css]
[grandetest.com/theme/html-careerup/css/simplebar.min.css]
[grandetest.com/theme/html-careerup/css/progressbar.css]
[grandetest.com/theme/html-careerup/css/animated-overlay.gif]
[grandetest.com/theme/html-careerup/fonts/fontawesome-webfont3e6e.svg]
[grandetest.com/theme/html-careerup/fonts/Flaticon.eot]
[grandetest.com/theme/html-careerup/fonts/Flaticond41d.eot]
[grandetest.com/theme/html-careerup/fonts/Flaticon.woff2]
[grandetest.com/theme/html-careerup/fonts/Flaticon.woff]
[grandetest.com/theme/html-careerup/fonts/Flaticon.ttf]
[grandetest.com/theme/html-careerup/css/flaticon.css]
[grandetest.com/theme/html-careerup/css/animate.css]
[grandetest.com/theme/html-careerup/css/slider.css]
[grandetest.com/theme/html-careerup/fonts/Flaticon.svg]
[grandetest.com/theme/html-careerup/images/fancybox/fancybox_sprite.png]
[grandetest.com/theme/html-careerup/css/fancybox_loading.gif]
[grandetest.com/theme/html-careerup/css/fancybox_overlay.png]
[grandetest.com/theme/html-careerup/css/fancybox_loading@2x.gif]
[grandetest.com/theme/html-careerup/css/fancyBox.css]
[grandetest.com/theme/html-careerup/css/owl.video.play.png]
[grandetest.com/theme/html-careerup/css/owl.css]
[grandetest.com/theme/html-careerup/css/map-css/maps.css]
[grandetest.com/theme/html-careerup/images/icon-property.png]
[grandetest.com/theme/html-careerup/images/icon-slider.png]
[grandetest.com/theme/html-careerup/css/map-css/searcher.css]
[grandetest.com/theme/html-careerup/images/icon-ads-grey.png]
[grandetest.com/theme/html-careerup/images/separator.png]
[grandetest.com/theme/html-careerup/images/icon-ads.png]
[grandetest.com/theme/html-careerup/images/mini-arrow.png]
[grandetest.com/theme/html-careerup/css/map-css/info-box.css]
[grandetest.com/theme/html-careerup/css/timecounter.css]
[grandetest.com/theme/html-careerup/images/background/4.html]
[grandetest.com/theme/html-careerup/images/background/5.html]
[grandetest.com/theme/html-careerup/images/background/6.html]
[grandetest.com/theme/html-careerup/images/background/split-one.html]
[grandetest.com/theme/html-careerup/images/home/h4.html]
[grandetest.com/theme/html-careerup/images/home/h5.html]
[grandetest.com/theme/html-careerup/images/pattern/1.html]
[grandetest.com/theme/html-careerup/images/pattern/2.html]
[grandetest.com/theme/html-careerup/images/pattern/3.html]
[grandetest.com/theme/html-careerup/images/pattern/4.html]
[grandetest.com/theme/html-careerup/images/pattern/5.html]
[grandetest.com/theme/html-careerup/images/pattern/6.html]
[grandetest.com/theme/html-careerup/a.html]
[grandetest.com/theme/html-careerup/_images/home/1.html]
[grandetest.com/theme/html-careerup/fonts/fontawesome-webfont3e6e.svg]
[grandetest.com/theme/html-careerup/fonts/Flaticon.svg]
[grandetest.com/theme/html-careerup/css/fancybox_loading.html]
[grandetest.com/theme/html-careerup/css/fancybox_loading@2x.html]
[grandetest.com/theme/html-careerup/css/owl.video.play.html]
[grandetest.com/theme/html-careerup/images/icon-property.html]
[grandetest.com/theme/html-careerup/images/icon-slider.html]
[grandetest.com/theme/html-careerup/images/icon-ads-grey.html]
[grandetest.com/theme/html-careerup/images/separator.html]
[grandetest.com/theme/html-careerup/images/icon-ads.html]
[grandetest.com/theme/html-careerup/images/mini-arrow.html]
